[0m14:32:32.141534 [debug] [MainThread]: Sending event: {'category': 'dbt', 'action': 'invocation', 'label': 'start', 'context': [<snowplow_tracker.self_describing_json.SelfDescribingJson object at 0x105c65f40>, <snowplow_tracker.self_describing_json.SelfDescribingJson object at 0x106e19550>, <snowplow_tracker.self_describing_json.SelfDescribingJson object at 0x106e19e50>]}


============================== 14:32:32.152620 | e8ce8bc2-c605-4532-8808-9de92d670709 ==============================
[0m14:32:32.152620 [info ] [MainThread]: Running with dbt=1.11.0-b3
[0m14:32:32.153134 [debug] [MainThread]: running dbt with arguments {'warn_error_options': 'WarnErrorOptionsV2(error=[], warn=[], silence=[])', 'empty': 'None', 'warn_error': 'None', 'debug': 'False', 'log_path': 'logs', 'fail_fast': 'False', 'partial_parse': 'True', 'printer_width': '80', 'version_check': 'True', 'static_parser': 'True', 'profiles_dir': '/Users/faheemrajwadkar/.dbt', 'use_experimental_parser': 'False', 'invocation_command': 'dbt debug', 'indirect_selection': 'eager', 'write_json': 'True', 'use_colors': 'True', 'log_cache_events': 'False', 'introspect': 'True', 'log_format': 'default', 'quiet': 'False', 'cache_selected_only': 'False', 'no_print': 'None', 'target_path': 'None', 'send_anonymous_usage_stats': 'True'}
[0m14:32:32.267279 [info ] [MainThread]: dbt version: 1.11.0-b3
[0m14:32:32.267946 [info ] [MainThread]: python version: 3.9.21
[0m14:32:32.268403 [info ] [MainThread]: python path: /Users/faheemrajwadkar/code/miniconda3/envs/fr28/bin/python
[0m14:32:32.268874 [info ] [MainThread]: os info: macOS-26.4-arm64-arm-64bit
[0m14:32:32.274112 [info ] [MainThread]: Error importing adapter: No module named 'dbt.adapters.duckdb'
[0m14:32:32.274827 [info ] [MainThread]: Using profiles dir at /Users/faheemrajwadkar/.dbt
[0m14:32:32.275202 [info ] [MainThread]: Using profiles.yml file at /Users/faheemrajwadkar/.dbt/profiles.yml
[0m14:32:32.275548 [info ] [MainThread]: Using dbt_project.yml file at /Users/faheemrajwadkar/code/faheem_rajwadkar/my-the-look-project/dbt_project.yml
[0m14:32:32.275890 [info ] [MainThread]: Configuration:
[0m14:32:32.276211 [info ] [MainThread]:   profiles.yml file [[31mERROR invalid[0m]
[0m14:32:32.276497 [info ] [MainThread]:   dbt_project.yml file [[31mERROR not found[0m]
[0m14:32:32.276764 [info ] [MainThread]: Required dependencies:
[0m14:32:32.277118 [debug] [MainThread]: Executing "git --help"
[0m14:32:32.303787 [debug] [MainThread]: STDOUT: "b"usage: git [-v | --version] [-h | --help] [-C <path>] [-c <name>=<value>]\n           [--exec-path[=<path>]] [--html-path] [--man-path] [--info-path]\n           [-p | --paginate | -P | --no-pager] [--no-replace-objects] [--no-lazy-fetch]\n           [--no-optional-locks] [--no-advice] [--bare] [--git-dir=<path>]\n           [--work-tree=<path>] [--namespace=<name>] [--config-env=<name>=<envvar>]\n           <command> [<args>]\n\nThese are common Git commands used in various situations:\n\nstart a working area (see also: git help tutorial)\n   clone      Clone a repository into a new directory\n   init       Create an empty Git repository or reinitialize an existing one\n\nwork on the current change (see also: git help everyday)\n   add        Add file contents to the index\n   mv         Move or rename a file, a directory, or a symlink\n   restore    Restore working tree files\n   rm         Remove files from the working tree and from the index\n\nexamine the history and state (see also: git help revisions)\n   bisect     Use binary search to find the commit that introduced a bug\n   diff       Show changes between commits, commit and working tree, etc\n   grep       Print lines matching a pattern\n   log        Show commit logs\n   show       Show various types of objects\n   status     Show the working tree status\n\ngrow, mark and tweak your common history\n   backfill   Download missing objects in a partial clone\n   branch     List, create, or delete branches\n   commit     Record changes to the repository\n   merge      Join two or more development histories together\n   rebase     Reapply commits on top of another base tip\n   reset      Reset current HEAD to the specified state\n   switch     Switch branches\n   tag        Create, list, delete or verify a tag object signed with GPG\n\ncollaborate (see also: git help workflows)\n   fetch      Download objects and refs from another repository\n   pull       Fetch from and integrate with another repository or a local branch\n   push       Update remote refs along with associated objects\n\n'git help -a' and 'git help -g' list available subcommands and some\nconcept guides. See 'git help <command>' or 'git help <concept>'\nto read about a specific subcommand or concept.\nSee 'git help git' for an overview of the system.\n""
[0m14:32:32.304556 [debug] [MainThread]: STDERR: "b''"
[0m14:32:32.304848 [info ] [MainThread]:  - git [[32mOK found[0m]

[0m14:32:32.305117 [info ] [MainThread]: Connection test skipped since no profile was found
[0m14:32:32.305424 [info ] [MainThread]: [31m2 checks failed:[0m
[0m14:32:32.305651 [info ] [MainThread]: Could not load dbt_project.yml
Profile loading failed for the following reason:
Runtime Error
  Credentials in profile "heymax", target "dev" invalid: Runtime Error
    Could not find adapter type duckdb!


[0m14:32:32.305868 [info ] [MainThread]: Project loading failed for the following reason:
 project path </Users/faheemrajwadkar/code/faheem_rajwadkar/my-the-look-project/dbt_project.yml> not found

[0m14:32:32.330375 [debug] [MainThread]: Resource report: {"command_name": "debug", "command_success": false, "command_wall_clock_time": 0.32081175, "process_in_blocks": "0", "process_kernel_time": 0.754525, "process_mem_max_rss": "106037248", "process_out_blocks": "0", "process_user_time": 2.085816}
[0m14:32:32.330951 [debug] [MainThread]: Command `dbt debug` failed at 14:32:32.330869 after 0.32 seconds
[0m14:32:32.331321 [debug] [MainThread]: Sending event: {'category': 'dbt', 'action': 'invocation', 'label': 'end', 'context': [<snowplow_tracker.self_describing_json.SelfDescribingJson object at 0x105c65f40>, <snowplow_tracker.self_describing_json.SelfDescribingJson object at 0x106dfbd00>, <snowplow_tracker.self_describing_json.SelfDescribingJson object at 0x106eb4cd0>]}
[0m14:32:32.331693 [debug] [MainThread]: Flushing usage events
[0m14:32:33.472757 [debug] [MainThread]: An error was encountered while trying to flush usage events
